// Jest Snapshot v1, https://goo.gl/fbAQLP

exports[`getData Correct values 1`] = `
Array [
  "1",
  "2",
  "3",
]
`;
